main.c:31:5:main	8	static
main.c:54:6:task1_run	8	static
main.c:65:6:task2_run	8	static
main.c:76:6:task3_run	8	static
main.c:87:6:task4_run	8	static
main.c:98:6:init_Systick	32	static
main.c:112:29:init_Scheduler_Stack	0	static,ignoring_inline_asm
main.c:118:29:SysTick_Handler	0	static,ignoring_inline_asm
main.c:148:6:save_psp	16	static
main.c:153:6:init_Tasks_Stack	24	static
main.c:174:6:enable_processor_faults	4	static
main.c:181:6:HardFault_Handler	8	static
main.c:187:6:MemManage_Handler	8	static
main.c:193:6:BusFault_Handler	8	static
main.c:206:10:get_psp	4	static
main.c:210:29:switch_sp_to_psp	0	static,ignoring_inline_asm
main.c:225:6:update_next_task	4	static
